// Vitest Snapshot v1

exports[`Spinner > should render the Spinner 1`] = `
{
  "asFragment": [Function],
  "baseElement": <body>
    <div>
      <svg
        class="animate-spin h-24 w-24 text-near-white"
        data-testid="loading"
        fill="none"
        viewBox="0 0 24 24"
        xmlns="http://www.w3.org/2000/svg"
      >
        <circle
          class="opacity-25"
          cx="12"
          cy="12"
          r="10"
          stroke="currentColor"
          stroke-width="4"
        />
        <path
          class="opacity-75"
          d="M4 12a8 8 0 018-8V0C5.373 0 0 5.373 0 12h4zm2 5.291A7.962 7.962 0 014 12H0c0 3.042 1.135 5.824 3 7.938l3-2.647z"
          fill="currentColor"
        />
      </svg>
      <span
        class="sr-only"
      >
        Loading
      </span>
    </div>
  </body>,
  "container": <div>
    <svg
      class="animate-spin h-24 w-24 text-near-white"
      data-testid="loading"
      fill="none"
      viewBox="0 0 24 24"
      xmlns="http://www.w3.org/2000/svg"
    >
      <circle
        class="opacity-25"
        cx="12"
        cy="12"
        r="10"
        stroke="currentColor"
        stroke-width="4"
      />
      <path
        class="opacity-75"
        d="M4 12a8 8 0 018-8V0C5.373 0 0 5.373 0 12h4zm2 5.291A7.962 7.962 0 014 12H0c0 3.042 1.135 5.824 3 7.938l3-2.647z"
        fill="currentColor"
      />
    </svg>
    <span
      class="sr-only"
    >
      Loading
    </span>
  </div>,
  "debug": [Function],
  "findAllByAltText": [Function],
  "findAllByDisplayValue": [Function],
  "findAllByLabelText": [Function],
  "findAllByPlaceholderText": [Function],
  "findAllByRole": [Function],
  "findAllByTestId": [Function],
  "findAllByText": [Function],
  "findAllByTitle": [Function],
  "findByAltText": [Function],
  "findByDisplayValue": [Function],
  "findByLabelText": [Function],
  "findByPlaceholderText": [Function],
  "findByRole": [Function],
  "findByTestId": [Function],
  "findByText": [Function],
  "findByTitle": [Function],
  "getAllByAltText": [Function],
  "getAllByDisplayValue": [Function],
  "getAllByLabelText": [Function],
  "getAllByPlaceholderText": [Function],
  "getAllByRole": [Function],
  "getAllByTestId": [Function],
  "getAllByText": [Function],
  "getAllByTitle": [Function],
  "getByAltText": [Function],
  "getByDisplayValue": [Function],
  "getByLabelText": [Function],
  "getByPlaceholderText": [Function],
  "getByRole": [Function],
  "getByTestId": [Function],
  "getByText": [Function],
  "getByTitle": [Function],
  "queryAllByAltText": [Function],
  "queryAllByDisplayValue": [Function],
  "queryAllByLabelText": [Function],
  "queryAllByPlaceholderText": [Function],
  "queryAllByRole": [Function],
  "queryAllByTestId": [Function],
  "queryAllByText": [Function],
  "queryAllByTitle": [Function],
  "queryByAltText": [Function],
  "queryByDisplayValue": [Function],
  "queryByLabelText": [Function],
  "queryByPlaceholderText": [Function],
  "queryByRole": [Function],
  "queryByTestId": [Function],
  "queryByText": [Function],
  "queryByTitle": [Function],
  "rerender": [Function],
  "unmount": [Function],
}
`;
