// Vitest Snapshot v1

exports[`Button > should render the Button 1`] = `
{
  "asFragment": [Function],
  "baseElement": <body>
    <div>
      <button
        class="inline-flex items-center font-bold uppercase bg-near-black text-near-white hover:bg-near-black-300 hover:text-near-white active:bg-blue-700 hover:text-near-white focus:outline-none focus:ring focus:ring-blue-200 px-8 py-2 text-sm rounded-md"
        data-testid="btn-test"
        name=""
        type="button"
      >
        <span
          class="mt-[1px]"
        >
          test
        </span>
      </button>
    </div>
  </body>,
  "container": <div>
    <button
      class="inline-flex items-center font-bold uppercase bg-near-black text-near-white hover:bg-near-black-300 hover:text-near-white active:bg-blue-700 hover:text-near-white focus:outline-none focus:ring focus:ring-blue-200 px-8 py-2 text-sm rounded-md"
      data-testid="btn-test"
      name=""
      type="button"
    >
      <span
        class="mt-[1px]"
      >
        test
      </span>
    </button>
  </div>,
  "debug": [Function],
  "findAllByAltText": [Function],
  "findAllByDisplayValue": [Function],
  "findAllByLabelText": [Function],
  "findAllByPlaceholderText": [Function],
  "findAllByRole": [Function],
  "findAllByTestId": [Function],
  "findAllByText": [Function],
  "findAllByTitle": [Function],
  "findByAltText": [Function],
  "findByDisplayValue": [Function],
  "findByLabelText": [Function],
  "findByPlaceholderText": [Function],
  "findByRole": [Function],
  "findByTestId": [Function],
  "findByText": [Function],
  "findByTitle": [Function],
  "getAllByAltText": [Function],
  "getAllByDisplayValue": [Function],
  "getAllByLabelText": [Function],
  "getAllByPlaceholderText": [Function],
  "getAllByRole": [Function],
  "getAllByTestId": [Function],
  "getAllByText": [Function],
  "getAllByTitle": [Function],
  "getByAltText": [Function],
  "getByDisplayValue": [Function],
  "getByLabelText": [Function],
  "getByPlaceholderText": [Function],
  "getByRole": [Function],
  "getByTestId": [Function],
  "getByText": [Function],
  "getByTitle": [Function],
  "queryAllByAltText": [Function],
  "queryAllByDisplayValue": [Function],
  "queryAllByLabelText": [Function],
  "queryAllByPlaceholderText": [Function],
  "queryAllByRole": [Function],
  "queryAllByTestId": [Function],
  "queryAllByText": [Function],
  "queryAllByTitle": [Function],
  "queryByAltText": [Function],
  "queryByDisplayValue": [Function],
  "queryByLabelText": [Function],
  "queryByPlaceholderText": [Function],
  "queryByRole": [Function],
  "queryByTestId": [Function],
  "queryByText": [Function],
  "queryByTitle": [Function],
  "rerender": [Function],
  "unmount": [Function],
}
`;
